// Vitest Snapshot v1, https://vitest.dev/guide/snapshot.html

exports[`App.vue > should render success 1`] = `""`;
